The given configuration is incorrect. Validation errors: '{"keyVault":"When 'keyVault' is specified, 'vaultUrl' is required and cannot be empty."}'.