The given configuration is incorrect. Validation errors: '{"clientSecret":"You have to add 'clientSecret' property to the configuration."}'.
