The given configuration is incorrect. Validation errors: '{"tokenEndpoint":"You have to add 'tokenEndpoint' property to the configuration."}'.
