The given options are incorrect. Validation errors: '{"outputFileAccessTokenKey":"Value cannot be null","outputFileRefreshTokenKey":"Value cannot be null"}'.
