The given options are incorrect. Validation errors: '{"configFilePath":"Path from --config-file-path option doesn't exist."}'.
