The given options are incorrect. Validation errors: '{"outputFilePath":"Path from --output-file-path option doesn't exist.","outputFileAccessTokenKey":"Value cannot be null","outputFileRefreshTokenKey":"Value cannot be null"}'.
