The given options are incorrect. Validation errors: '{"outputFileAccessTokenKey":"Value cannot be empty","outputFileRefreshTokenKey":"Value cannot be null"}'.
