The given options are incorrect. Validation errors: '{"outputFileRefreshTokenKey":"Value cannot be empty"}'.
